
============================================================
Dataset: cicids2017
============================================================
  samples=2827876, features=78, classes=13
       model         time  accuracy  precision_macro  recall_macro  f1_macro  f1_micro  f1_weighted  auc_ovr_macro
         MLP  2313.261689  0.961676         0.655121      0.876208  0.688382  0.961676     0.968069       0.995990
MLP-TwoStage  5902.003957  0.991941         0.774159      0.845215  0.748968  0.991941     0.993086       0.997010
    MVT-2MLP 15371.282000  0.995449         0.821391      0.884108  0.823413  0.995449     0.995724       0.994623
     MVT-MLP  2865.998585  0.976433         0.693713      0.860281  0.719665  0.976433     0.978706       0.995252
       model         time  accuracy  precision_macro  recall_macro  f1_macro  f1_micro  f1_weighted  auc_ovr_macro
         MLP  4571.160598  0.972470         0.678933      0.886106  0.711572  0.972470     0.976935       0.995999
MLP-TwoStage  3503.230887  0.989977         0.759907      0.848691  0.743751  0.989977     0.991424       0.995388
    MVT-2MLP 15235.596695  0.996250         0.830110      0.892869  0.846489  0.996250     0.996396       0.998375
     MVT-MLP  3896.343533  0.979276         0.701996      0.888589  0.727234  0.979276     0.985600       0.997959
       model         time  accuracy  precision_macro  recall_macro  f1_macro  f1_micro  f1_weighted  auc_ovr_macro
         MLP  4262.484909  0.975170         0.674065      0.886443  0.710327  0.975170     0.980350       0.991793
MLP-TwoStage  5907.322692  0.992556         0.769282      0.873830  0.760163  0.992556     0.993446       0.998371
    MVT-2MLP 16254.066192  0.996059         0.850592      0.919434  0.864442  0.996059     0.996147       0.997735
     MVT-MLP  9559.511331  0.991464         0.772959      0.892397  0.776592  0.991464     0.993062       0.995458
       model         time  accuracy  precision_macro  recall_macro  f1_macro  f1_micro  f1_weighted  auc_ovr_macro
         MLP  1903.617228  0.961121         0.699504      0.879154  0.694264  0.961121     0.968063       0.997816
MLP-TwoStage  6281.821637  0.992211         0.732046      0.866279  0.761546  0.992211     0.993148       0.998984
    MVT-2MLP  8671.039178  0.994924         0.799163      0.899753  0.824726  0.994924     0.995237       0.997657
     MVT-MLP 10081.118511  0.992777         0.786028      0.904917  0.812049  0.992777     0.993812       0.994271
       model         time  accuracy  precision_macro  recall_macro  f1_macro  f1_micro  f1_weighted  auc_ovr_macro
         MLP  3991.073241  0.970435         0.661894      0.885147  0.700049  0.970435     0.975464       0.992891
MLP-TwoStage  6191.696573  0.992791         0.752757      0.847302  0.783184  0.992791     0.993519       0.995478
    MVT-2MLP 16145.598811  0.996405         0.825733      0.883752  0.842650  0.996405     0.996548       0.998148
     MVT-MLP  6415.804831  0.980629         0.678619      0.890948  0.706146  0.980629     0.986465       0.996224

============================================================
Full results: C:\Users\11831\PycharmProjects\WebLogin_Anomaly_Detection\src\..\results\summary.csv
============================================================
      dataset         model    mean     std
0  cicids2017           MLP  0.7009  0.0101
1  cicids2017  MLP-TwoStage  0.7595  0.0152
2  cicids2017      MVT-2MLP  0.8403  0.0170
3  cicids2017       MVT-MLP  0.7483  0.0445
