
============================================================
Dataset: cicids2017
============================================================
  samples=2827876, features=78, classes=13
       model        time  accuracy  precision_macro  recall_macro  f1_macro  f1_micro  f1_weighted  auc_ovr_macro
      LogReg  356.299125  0.870461         0.290753      0.185545  0.201547  0.870461     0.838365       0.706281
          RF  262.424625  0.998693         0.907223      0.847846  0.860603  0.998693     0.998605       0.999768
         XGB  300.830470  0.998895         0.916277      0.886541  0.898195  0.998895     0.998888       0.998596
        LGBM  146.779143  0.901721         0.290279      0.228097  0.250439  0.901721     0.892332       0.599266
         MLP 3926.367108  0.996335         0.982572      0.739496  0.767086  0.996335     0.995954       0.998434
MLP-TwoStage 2087.618045  0.992392         0.746961      0.824779  0.762634  0.992392     0.993416            NaN
     MVT-MLP 8037.957814  0.997417         0.940135      0.825172  0.836874  0.997417     0.997240       0.993786
       model        time  accuracy  precision_macro  recall_macro  f1_macro  f1_micro  f1_weighted  auc_ovr_macro
      LogReg  422.297622  0.867468         0.279557      0.184276  0.198045  0.867468     0.835616       0.686211
          RF  257.244144  0.998716         0.899968      0.856926  0.865059  0.998716     0.998617       0.995935
         XGB  291.651111  0.998918         0.899822      0.881497  0.888885  0.998918     0.998893       0.997872
        LGBM  134.871385  0.839662         0.235680      0.186484  0.196755  0.839662     0.843113       0.579733
         MLP 3890.713760  0.996315         0.981623      0.738094  0.761597  0.996315     0.995928       0.998523
MLP-TwoStage 3052.623862  0.993416         0.797095      0.827603  0.767356  0.993416     0.994394            NaN
     MVT-MLP 7978.558043  0.997502         0.966379      0.823236  0.836577  0.997502     0.997327       0.998973
       model        time  accuracy  precision_macro  recall_macro  f1_macro  f1_micro  f1_weighted  auc_ovr_macro
      LogReg  357.527214  0.866020         0.281610      0.186827  0.200857  0.866020     0.834577       0.670410
          RF  256.055225  0.998723         0.918035      0.882010  0.889380  0.998723     0.998646       0.996285
         XGB  298.571124  0.998953         0.923052      0.894535  0.906402  0.998953     0.998933       0.996498
        LGBM  129.158745  0.830541         0.213644      0.268782  0.232469  0.830541     0.838180       0.623397
         MLP 3833.310470  0.996503         0.983288      0.766433  0.797967  0.996503     0.996147       0.999335
MLP-TwoStage 3468.698733  0.994275         0.796251      0.876431  0.816239  0.994275     0.994852            NaN
     MVT-MLP 9424.235594  0.997551         0.958442      0.838586  0.850739  0.997551     0.997392       0.990882
       model        time  accuracy  precision_macro  recall_macro  f1_macro  f1_micro  f1_weighted  auc_ovr_macro
      LogReg  627.345990  0.864739         0.271552      0.184127  0.196648  0.864739     0.833255       0.662294
          RF  286.000066  0.998697         0.920387      0.865148  0.880264  0.998697     0.998615       0.999465
         XGB  416.759807  0.998906         0.916973      0.885686  0.898499  0.998906     0.998887       0.998593
        LGBM  195.095804  0.901018         0.238756      0.239739  0.232261  0.901018     0.892113       0.608706
         MLP 4819.426425  0.996250         0.979552      0.766017  0.797316  0.996250     0.995896       0.997053
MLP-TwoStage 6425.235387  0.993575         0.791621      0.862842  0.811682  0.993575     0.994170            NaN
     MVT-MLP 9516.014478  0.997579         0.948033      0.844146  0.856551  0.997579     0.997422       0.993639
       model        time  accuracy  precision_macro  recall_macro  f1_macro  f1_micro  f1_weighted  auc_ovr_macro
      LogReg  436.269595  0.865726         0.284494      0.186048  0.200409  0.865726     0.834221       0.674609
          RF  281.214045  0.998814         0.935037      0.860893  0.879184  0.998814     0.998742       0.999006
         XGB  316.069210  0.998974         0.925333      0.886744  0.901326  0.998974     0.998943       0.999436
        LGBM  154.196944  0.773461         0.135446      0.078803  0.074185  0.773461     0.707571       0.500619
         MLP 4550.673117  0.996400         0.979530      0.736978  0.762348  0.996400     0.996011       0.994628
MLP-TwoStage 5952.448057  0.994459         0.774541      0.824702  0.784409  0.994459     0.995045            NaN
     MVT-MLP 9447.520645  0.997802         0.942663      0.812067  0.825777  0.997802     0.997630       0.996421

============================================================
Full results: C:\Users\11831\PycharmProjects\WebLogin_Anomaly_Detection\src\..\results\summary.csv
============================================================
      dataset         model    mean     std
0  cicids2017          LGBM  0.1972  0.0715
1  cicids2017        LogReg  0.1995  0.0021
2  cicids2017           MLP  0.7773  0.0187
3  cicids2017  MLP-TwoStage  0.7885  0.0247
4  cicids2017       MVT-MLP  0.8413  0.0123
5  cicids2017            RF  0.8749  0.0118
6  cicids2017           XGB  0.8987  0.0064
