
============================================================
Dataset: unsw_nb15
============================================================
  samples=175341, features=62, classes=2
           model       time      acc  precision   recall       f1  f1_macro      tpr      fpr    tn   fp   fn    tp      auc
          LogReg  13.026689 0.928681   0.915878 0.985755 0.949533  0.949533 0.985755 0.192946  9039 2161  340 23528 0.976613
              RF   4.730042 0.959393   0.961811 0.979219 0.970437  0.970437 0.979219 0.082857 10272  928  496 23372 0.993639
             XGB   2.329520 0.961133   0.964308 0.979135 0.971665  0.971665 0.979135 0.077232 10335  865  498 23370 0.994408
            LGBM   5.747550 0.959251   0.966993 0.973353 0.970163  0.970163 0.973353 0.070804 10407  793  636 23232 0.994072
             MLP 203.498128 0.945991   0.968409 0.951693 0.959978  0.959978 0.951693 0.066161 10459  741 1153 22715 0.991203
MLP-TwoStage(bi) 203.676229 0.945563   0.968829 0.950603 0.959629  0.959629 0.950603 0.065179 10470  730 1179 22689 0.991215
         MVT-MLP 206.079441 0.945563   0.968829 0.950603 0.959629  0.959629 0.950603 0.065179 10470  730 1179 22689 0.991215
           model       time      acc  precision   recall       f1  f1_macro      tpr      fpr    tn   fp   fn    tp      auc
          LogReg  12.945102 0.929223   0.916070 0.986383 0.949927  0.949927 0.986383 0.192589  9043 2157  325 23543 0.976020
              RF   4.876767 0.957939   0.959872 0.979135 0.969408  0.969408 0.979135 0.087232 10223  977  498 23370 0.993457
             XGB   2.468510 0.959935   0.962640 0.979135 0.970817  0.970817 0.979135 0.080982 10293  907  498 23370 0.994117
            LGBM   4.493644 0.958880   0.965734 0.974149 0.969923  0.969923 0.974149 0.073661 10375  825  617 23251 0.993797
             MLP 197.589767 0.943624   0.969824 0.946623 0.958083  0.958083 0.946623 0.062768 10497  703 1274 22594 0.990574
MLP-TwoStage(bi) 261.661417 0.943909   0.971293 0.945534 0.958240  0.958240 0.945534 0.059554 10533  667 1300 22568 0.990826
         MVT-MLP 198.900679 0.944593   0.968103 0.949891 0.958910  0.958910 0.949891 0.066696 10453  747 1196 22672 0.990607
           model       time      acc  precision   recall       f1  f1_macro      tpr      fpr    tn   fp   fn    tp      auc
          LogReg  15.806331 0.927199   0.914286 0.985420 0.948521  0.948521 0.985420 0.196875  8995 2205  348 23520 0.975239
              RF   4.891423 0.958623   0.960630 0.979345 0.969897  0.969897 0.979345 0.085536 10242  958  493 23375 0.993748
             XGB   2.445826 0.961532   0.964904 0.979093 0.971947  0.971947 0.979093 0.075893 10350  850  499 23369 0.994573
            LGBM   4.498234 0.959992   0.967184 0.974275 0.970717  0.970717 0.974275 0.070446 10411  789  614 23254 0.994134
             MLP 137.627675 0.942882   0.963772 0.951860 0.957779  0.957779 0.951860 0.076250 10346  854 1149 22719 0.990246
MLP-TwoStage(bi) 139.919488 0.943168   0.966080 0.949849 0.957896  0.957896 0.949849 0.071071 10404  796 1197 22671 0.990316
         MVT-MLP 136.802878 0.943168   0.966080 0.949849 0.957896  0.957896 0.949849 0.071071 10404  796 1197 22671 0.990316
           model       time      acc  precision   recall       f1  f1_macro      tpr      fpr    tn   fp   fn    tp      auc
          LogReg  13.433960 0.927227   0.913999 0.985839 0.948561  0.948561 0.985839 0.197679  8986 2214  338 23530 0.975108
              RF   4.976661 0.958481   0.959564 0.980308 0.969825  0.969825 0.980308 0.088036 10214  986  470 23398 0.993501
             XGB   2.485068 0.960220   0.963380 0.978758 0.971008  0.971008 0.978758 0.079286 10312  888  507 23361 0.994137
            LGBM   4.594688 0.959336   0.966725 0.973772 0.970236  0.970236 0.973772 0.071429 10400  800  626 23242 0.993894
             MLP 179.176020 0.941571   0.968440 0.944947 0.956549  0.956549 0.944947 0.065625 10465  735 1314 22554 0.990391
MLP-TwoStage(bi) 117.489736 0.941742   0.960968 0.953117 0.957027  0.957027 0.953117 0.082500 10276  924 1119 22749 0.989443
         MVT-MLP 182.745017 0.940658   0.970297 0.941637 0.955753  0.955753 0.941637 0.061429 10512  688 1393 22475 0.990514
           model       time      acc  precision   recall       f1  f1_macro      tpr      fpr    tn   fp   fn    tp      auc
          LogReg  13.621609 0.930934   0.919096 0.985252 0.951025  0.951025 0.985252 0.184821  9130 2070  352 23516 0.976091
              RF   4.933612 0.960505   0.963854 0.978674 0.971208  0.971208 0.978674 0.078214 10324  876  509 23359 0.994141
             XGB   2.518377 0.962644   0.966846 0.978674 0.972724  0.972724 0.978674 0.071518 10399  801  509 23359 0.994762
            LGBM   4.563405 0.960135   0.968867 0.972683 0.970771  0.970771 0.972683 0.066607 10454  746  652 23216 0.994375
             MLP 228.044887 0.944593   0.972909 0.944905 0.958703  0.958703 0.944905 0.056071 10572  628 1315 22553 0.991381
MLP-TwoStage(bi) 111.833435 0.941913   0.962815 0.951399 0.957073  0.957073 0.951399 0.078304 10323  877 1160 22708 0.989759
         MVT-MLP 192.319952 0.941770   0.973531 0.940003 0.956474  0.956474 0.940003 0.054464 10590  610 1432 22436 0.991180

============================================================
Full results: C:\Users\11831\PycharmProjects\WebLogin_Anomaly_Detection\src\..\results\summary.csv
============================================================
     dataset             model    mean     std
0  unsw_nb15              LGBM  0.9704  0.0004
1  unsw_nb15            LogReg  0.9495  0.0010
2  unsw_nb15               MLP  0.9582  0.0013
3  unsw_nb15  MLP-TwoStage(bi)  0.9580  0.0011
4  unsw_nb15           MVT-MLP  0.9577  0.0016
5  unsw_nb15                RF  0.9702  0.0007
6  unsw_nb15               XGB  0.9716  0.0008
